<?xml version="1.0" encoding="utf-8"?><testsuites name="pytest tests"><testsuite name="pytest" errors="0" failures="0" skipped="0" tests="0" time="0.008" timestamp="2026-07-12T19:03:50.730796-05:00" hostname="LAPTOP-HGARVVDN" /></testsuites>